FILE_TYPE=LIBRARY_PARTS;
PRIMITIVE 'AGC0603X7R250_105KXP','AGC0603X7R250_105KXP_Capacitor Chip Non-polarised';
  PIN
    '1':
      PIN_NUMBER='(1)';
      NO_LOAD_CHECK=BOTH;
      NO_IO_CHECK=BOTH;
      ALLOW_CONNECT=TRUE;
      PINUSE='UNSPEC';
    '2':
      PIN_NUMBER='(2)';
      NO_LOAD_CHECK=BOTH;
      NO_IO_CHECK=BOTH;
      ALLOW_CONNECT=TRUE;
      PINUSE='UNSPEC';
  END_PIN;
  BODY
    PART_NAME='AGC0603X7R250_105KXP';
    PHYS_DES_PREFIX='C';
    NO_LOAD_CHECK='TRUE';
    PIN_COUNT='2';
    BODY_NAME='AGC0603X7R250_105KXP';
    JEDEC_TYPE='CAPC1608X95N';
  END_BODY;
END_PRIMITIVE;
END.
