FILE_TYPE=LIBRARY_PARTS;
PRIMITIVE 'SK34SMA_3G','SK34SMA_3G_Diodes Moulded';
  PIN
    'K':
      PIN_NUMBER='(1)';
      NO_LOAD_CHECK=BOTH;
      NO_IO_CHECK=BOTH;
      ALLOW_CONNECT=TRUE;
      PINUSE='UNSPEC';
    'A':
      PIN_NUMBER='(2)';
      NO_LOAD_CHECK=BOTH;
      NO_IO_CHECK=BOTH;
      ALLOW_CONNECT=TRUE;
      PINUSE='UNSPEC';
  END_PIN;
  BODY
    PART_NAME='SK34SMA_3G';
    PHYS_DES_PREFIX='D';
    NO_LOAD_CHECK='TRUE';
    PIN_COUNT='2';
    BODY_NAME='SK34SMA_3G';
    JEDEC_TYPE='DIOM5027X240N';
  END_BODY;
END_PRIMITIVE;
END.
